<html>
<body>
<pre>
<h1>µVision Build Log</h1>
<h2>Project:</h2>
F:\stm8 public\stm32\Project\mdk\abba.uvproj
Project File Date:  09/13/2014

<h2>Output:</h2>
Load "..\\..\\Output\\abba.axf" 
Rebuild target 'temp'
assembling startup_stm32f10x_hd.s...
compiling core_cm3.c...
compiling system_stm32f10x.c...
compiling misc.c...
compiling stm32f10x_adc.c...
compiling stm32f10x_bkp.c...
compiling stm32f10x_can.c...
compiling stm32f10x_cec.c...
compiling stm32f10x_crc.c...
compiling stm32f10x_dac.c...
compiling stm32f10x_dbgmcu.c...
compiling stm32f10x_dma.c...
compiling stm32f10x_exti.c...
compiling stm32f10x_flash.c...
compiling stm32f10x_fsmc.c...
compiling stm32f10x_gpio.c...
compiling stm32f10x_i2c.c...
compiling stm32f10x_iwdg.c...
compiling stm32f10x_pwr.c...
compiling stm32f10x_rcc.c...
compiling stm32f10x_rtc.c...
compiling stm32f10x_sdio.c...
compiling stm32f10x_spi.c...
compiling stm32f10x_tim.c...
compiling stm32f10x_usart.c...
compiling stm32f10x_wwdg.c...
compiling main.c...
compiling stm32f10x_it.c...
compiling abba_GPIO.c...
compiling abba_ISR.c...
compiling abba_USART.c...
compiling GPS.c...
compiling GSM.c...
linking...
Program Size: Code=6540 RO-data=336 RW-data=60 ZI-data=1068  
FromELF: creating hex file...
"..\..\Output\abba.axf" - 0 Errors, 0 Warning(s).
